// Jest Snapshot v1, https://goo.gl/fbAQLP

exports[`Navbar Component Should render with default props 1`] = `
<header
  style={
    Object {
      "background": "#FF6584",
      "marginBottom": "1.45rem",
    }
  }
>
  <div
    style={
      Object {
        "margin": "0 auto",
        "padding": "0.2rem 1.0875rem",
      }
    }
  >
    <h1
      style={
        Object {
          "margin": 0,
        }
      }
    >
      <ForwardRef
        className="d-flex align-items-center"
        to="/"
      >
        <Component />
      </ForwardRef>
    </h1>
  </div>
</header>
`;
