// Jest Snapshot v1, https://goo.gl/fbAQLP

exports[`Answer component Will only render with all props passed in 1`] = `
<form
  onSubmit={[Function]}
>
  <label
    className="add-answer-button"
    hidden={true}
    onClick={[Function]}
  />
  <div
    hidden={false}
  >
    <div
      className="d-inline-flex flex-row"
    >
      <input
        className="input-answer-field"
        maxLength="18"
        onChange={[Function]}
        placeholder="Absolutely!"
        value=""
      />
      <Button
        className="button-secondary"
        disabled={true}
        primary={false}
        text="Submit"
        type="submit"
      />
    </div>
  </div>
</form>
`;
