// Jest Snapshot v1, https://goo.gl/fbAQLP

exports[`Question component Will only render with all props passed in 1`] = `
<div
  className="d-flex flex-column"
>
  <form
    onSubmit={[Function]}
  >
    <Input
      className="input-question-field"
      disabled={false}
      placeholder="Will you go on a date with me?"
      value=""
    />
  </form>
  <div
    className="d-flex flex-column"
  >
    <AddAnswer
      answerInputText=""
      answerItemCreate={[Function]}
      answers={Array []}
      disabled={true}
      hidden={true}
      label="+ add answer"
      questionInputText=""
    />
  </div>
</div>
`;
