// Jest Snapshot v1, https://goo.gl/fbAQLP

exports[`Input field component Will render with no props 1`] = `
<input
  className=""
  disabled={false}
  maxLength={40}
  onChange={[Function]}
  placeholder=""
  type="text"
  value=""
/>
`;
